
Caso 1: Mensaje de error si no se introduce fecha
	Correcto
Caso 2: Aparecen los graficos correctamente
	Correcto
Caso 3: Descarga de archivo generado
	Correcto